Flow report for ASUproj
Thu Oct  9 16:59:09 2025
Quartus II 32-bit Version 13.0.1 Build 232 06/12/2013 Service Pack 1 SJ Full Version


---------------------
; Table of Contents ;
---------------------
  1. Legal Notice
  2. Flow Summary
  3. Flow Settings
  4. Flow Non-Default Global Settings
  5. Flow Elapsed Time
  6. Flow OS Summary
  7. Flow Log
  8. Flow Messages
  9. Flow Suppressed Messages



----------------
; Legal Notice ;
----------------
Copyright (C) 1991-2013 Altera Corporation
Your use of Altera Corporation's design tools, logic functions 
and other software and tools, and its AMPP partner logic 
functions, and any output files from any of the foregoing 
(including device programming or simulation files), and any 
associated documentation or information are expressly subject 
to the terms and conditions of the Altera Program License 
Subscription Agreement, Altera MegaCore Function License 
Agreement, or other applicable license agreement, including, 
without limitation, that your use is for the sole purpose of 
programming logic devices manufactured by Altera and sold by 
Altera or its authorized distributors.  Please refer to the 
applicable agreement for further details.



+---------------------------------------------------------------------------------------+
; Flow Summary                                                                          ;
+------------------------------------+--------------------------------------------------+
; Flow Status                        ; Successful - Thu Oct  9 16:59:09 2025            ;
; Quartus II 32-bit Version          ; 13.0.1 Build 232 06/12/2013 SP 1 SJ Full Version ;
; Revision Name                      ; ASUproj                                          ;
; Top-level Entity Name              ; CombinedASU2                                     ;
; Family                             ; Cyclone II                                       ;
; Device                             ; EP2C35F672C6                                     ;
; Timing Models                      ; Final                                            ;
; Total logic elements               ; 16 / 33,216 ( < 1 % )                            ;
;     Total combinational functions  ; 16 / 33,216 ( < 1 % )                            ;
;     Dedicated logic registers      ; 0 / 33,216 ( 0 % )                               ;
; Total registers                    ; 0                                                ;
; Total pins                         ; 23 / 475 ( 5 % )                                 ;
; Total virtual pins                 ; 0                                                ;
; Total memory bits                  ; 0 / 483,840 ( 0 % )                              ;
; Embedded Multiplier 9-bit elements ; 0 / 70 ( 0 % )                                   ;
; Total PLLs                         ; 0 / 4 ( 0 % )                                    ;
+------------------------------------+--------------------------------------------------+


+-----------------------------------------+
; Flow Settings                           ;
+-------------------+---------------------+
; Option            ; Setting             ;
+-------------------+---------------------+
; Start date & time ; 10/09/2025 16:37:18 ;
; Main task         ; Compilation         ;
; Revision Name     ; ASUproj             ;
+-------------------+---------------------+


+-------------------------------------------------------------------------------------------------------------------+
; Flow Non-Default Global Settings                                                                                  ;
+-------------------------------------+---------------------------------+---------------+--------------+------------+
; Assignment Name                     ; Value                           ; Default Value ; Entity Name  ; Section Id ;
+-------------------------------------+---------------------------------+---------------+--------------+------------+
; COMPILER_SIGNATURE_ID               ; 159090364147541.176004223828815 ; --            ; --           ; --         ;
; MAX_CORE_JUNCTION_TEMP              ; 85                              ; --            ; --           ; --         ;
; MIN_CORE_JUNCTION_TEMP              ; 0                               ; --            ; --           ; --         ;
; PARTITION_COLOR                     ; 16764057                        ; --            ; CombinedASU2 ; Top        ;
; PARTITION_FITTER_PRESERVATION_LEVEL ; PLACEMENT_AND_ROUTING           ; --            ; CombinedASU2 ; Top        ;
; PARTITION_NETLIST_TYPE              ; SOURCE                          ; --            ; CombinedASU2 ; Top        ;
; PROJECT_OUTPUT_DIRECTORY            ; output_files                    ; --            ; --           ; --         ;
; TOP_LEVEL_ENTITY                    ; CombinedASU2                    ; ASUproj       ; --           ; --         ;
+-------------------------------------+---------------------------------+---------------+--------------+------------+


+-------------------------------------------------------------------------------------------------------------------------------+
; Flow Elapsed Time                                                                                                             ;
+---------------------------+--------------+-------------------------+---------------------+------------------------------------+
; Module Name               ; Elapsed Time ; Average Processors Used ; Peak Virtual Memory ; Total CPU Time (on all processors) ;
+---------------------------+--------------+-------------------------+---------------------+------------------------------------+
; Analysis & Synthesis      ; 00:00:03     ; 1.0                     ; 360 MB              ; 00:00:01                           ;
; Fitter                    ; 00:00:06     ; 1.8                     ; 533 MB              ; 00:00:05                           ;
; Assembler                 ; 00:00:03     ; 1.0                     ; 339 MB              ; 00:00:02                           ;
; TimeQuest Timing Analyzer ; 00:00:05     ; 1.0                     ; 321 MB              ; 00:00:01                           ;
; EDA Netlist Writer        ; 00:00:00     ; 1.0                     ; 319 MB              ; 00:00:00                           ;
; EDA Netlist Writer        ; 00:00:01     ; 1.0                     ; 319 MB              ; 00:00:00                           ;
; Total                     ; 00:00:18     ; --                      ; --                  ; 00:00:09                           ;
+---------------------------+--------------+-------------------------+---------------------+------------------------------------+


+-------------------------------------------------------------------------------------------+
; Flow OS Summary                                                                           ;
+---------------------------+-----------------------+---------+------------+----------------+
; Module Name               ; Machine Hostname      ; OS Name ; OS Version ; Processor type ;
+---------------------------+-----------------------+---------+------------+----------------+
; Analysis & Synthesis      ; aronian.ee.ryerson.ca ; Red Hat ; Red Hat    ; x86_64         ;
; Fitter                    ; aronian.ee.ryerson.ca ; Red Hat ; Red Hat    ; x86_64         ;
; Assembler                 ; aronian.ee.ryerson.ca ; Red Hat ; Red Hat    ; x86_64         ;
; TimeQuest Timing Analyzer ; aronian.ee.ryerson.ca ; Red Hat ; Red Hat    ; x86_64         ;
; EDA Netlist Writer        ; aronian.ee.ryerson.ca ; Red Hat ; Red Hat    ; x86_64         ;
; EDA Netlist Writer        ; aronian.ee.ryerson.ca ; Red Hat ; Red Hat    ; x86_64         ;
+---------------------------+-----------------------+---------+------------+----------------+


------------
; Flow Log ;
------------
quartus_map --read_settings_files=on --write_settings_files=off ASUproj -c ASUproj
quartus_fit --read_settings_files=off --write_settings_files=off ASUproj -c ASUproj
quartus_asm --read_settings_files=off --write_settings_files=off ASUproj -c ASUproj
quartus_sta ASUproj -c ASUproj
quartus_eda --gen_testbench --check_outputs=on --tool=modelsim_oem --format=verilog ASUproj -c ASUproj --vector_source=/home/student1/aymohame/COE328Lab3/output_files/CombinedASU2Wave.vwf --testbench_file=./simulation/qsim/ASUproj.vt
quartus_eda --functional=on --simulation=on --tool=modelsim_oem --format=verilog ASUproj -c ASUproj



